
Running 9 tests using 4 workers

[1A[2K[1/9] [chromium] ÔÇ║ e2e\navigation.spec.ts:9:5 ÔÇ║ Navigation & Core Pages ÔÇ║ Bottom navigation has all main links
[1A[2K[2/9] [chromium] ÔÇ║ e2e\navigation.spec.ts:4:5 ÔÇ║ Navigation & Core Pages ÔÇ║ Home page loads with heading
[1A[2K[3/9] [chromium] ÔÇ║ e2e\navigation.spec.ts:17:5 ÔÇ║ Navigation & Core Pages ÔÇ║ Map page loads with Leaflet container
[1A[2K[4/9] [chromium] ÔÇ║ e2e\navigation.spec.ts:22:5 ÔÇ║ Navigation & Core Pages ÔÇ║ Calendar page loads
[1A[2K[5/9] [chromium] ÔÇ║ e2e\navigation.spec.ts:27:5 ÔÇ║ Navigation & Core Pages ÔÇ║ Support page loads with pricing
[1A[2K  1) [chromium] ÔÇ║ e2e\navigation.spec.ts:9:5 ÔÇ║ Navigation & Core Pages ÔÇ║ Bottom navigation has all main links 

    Error: [2mexpect([22m[31mlocator[39m[2m).[22mtoBeVisible[2m([22m[2m)[22m failed

    Locator: locator('nav').last()
    Expected: visible
    Timeout: 10000ms
    Error: element(s) not found

    Call log:
    [2m  - Expect "toBeVisible" with timeout 10000ms[22m
    [2m  - waiting for locator('nav').last()[22m


      12 |         await page.goto("/");
      13 |         const nav = page.locator("nav").last();
    > 14 |         await expect(nav).toBeVisible({ timeout: 10000 });
         |                           ^
      15 |     });
      16 |
      17 |     test("Map page loads with Leaflet container", async ({ page }) => {
        at C:\Users\rayan\Desktop\Antigravity workspaces\Moon-dashboard\e2e\navigation.spec.ts:14:27


[1A[2K  2) [chromium] ÔÇ║ e2e\navigation.spec.ts:22:5 ÔÇ║ Navigation & Core Pages ÔÇ║ Calendar page loads ÔöÇÔöÇÔöÇÔöÇÔöÇÔöÇ

    Error: [2mexpect([22m[31mlocator[39m[2m).[22mtoBeVisible[2m([22m[2m)[22m failed

    Locator: locator('text=/Hijri|Calendar|Moon/i').first()
    Expected: visible
    Timeout: 10000ms
    Error: element(s) not found

    Call log:
    [2m  - Expect "toBeVisible" with timeout 10000ms[22m
    [2m  - waiting for locator('text=/Hijri|Calendar|Moon/i').first()[22m


      22 |     test("Calendar page loads", async ({ page }) => {
      23 |         await page.goto("/calendar");
    > 24 |         await expect(page.locator("text=/Hijri|Calendar|Moon/i").first()).toBeVisible({ timeout: 10000 });
         |                                                                           ^
      25 |     });
      26 |
      27 |     test("Support page loads with pricing", async ({ page }) => {
        at C:\Users\rayan\Desktop\Antigravity workspaces\Moon-dashboard\e2e\navigation.spec.ts:24:75


[1A[2K  3) [chromium] ÔÇ║ e2e\navigation.spec.ts:27:5 ÔÇ║ Navigation & Core Pages ÔÇ║ Support page loads with pricing 

    Error: [2mexpect([22m[31mlocator[39m[2m).[22mtoBeVisible[2m([22m[2m)[22m failed

    Locator: locator('text=/Pro|Premium|Support/i').first()
    Expected: visible
    Timeout: 10000ms
    Error: element(s) not found

    Call log:
    [2m  - Expect "toBeVisible" with timeout 10000ms[22m
    [2m  - waiting for locator('text=/Pro|Premium|Support/i').first()[22m


      27 |     test("Support page loads with pricing", async ({ page }) => {
      28 |         await page.goto("/support");
    > 29 |         await expect(page.locator("text=/Pro|Premium|Support/i").first()).toBeVisible({ timeout: 10000 });
         |                                                                           ^
      30 |     });
      31 |
      32 |     test("Moon info page loads", async ({ page }) => {
        at C:\Users\rayan\Desktop\Antigravity workspaces\Moon-dashboard\e2e\navigation.spec.ts:29:75


[1A[2K[6/9] [chromium] ÔÇ║ e2e\navigation.spec.ts:32:5 ÔÇ║ Navigation & Core Pages ÔÇ║ Moon info page loads
[1A[2K[7/9] [chromium] ÔÇ║ e2e\navigation.spec.ts:39:5 ÔÇ║ Responsive Design ÔÇ║ works on mobile viewport
[1A[2K[8/9] [chromium] ÔÇ║ e2e\navigation.spec.ts:45:5 ÔÇ║ Responsive Design ÔÇ║ works on tablet viewport
[1A[2K  4) [chromium] ÔÇ║ e2e\navigation.spec.ts:17:5 ÔÇ║ Navigation & Core Pages ÔÇ║ Map page loads with Leaflet container 

    Error: [2mexpect([22m[31mlocator[39m[2m).[22mtoBeVisible[2m([22m[2m)[22m failed

    Locator: locator('.leaflet-container')
    Expected: visible
    Timeout: 15000ms
    Error: element(s) not found

    Call log:
    [2m  - Expect "toBeVisible" with timeout 15000ms[22m
    [2m  - waiting for locator('.leaflet-container')[22m


      17 |     test("Map page loads with Leaflet container", async ({ page }) => {
      18 |         await page.goto("/map");
    > 19 |         await expect(page.locator(".leaflet-container")).toBeVisible({ timeout: 15000 });
         |                                                          ^
      20 |     });
      21 |
      22 |     test("Calendar page loads", async ({ page }) => {
        at C:\Users\rayan\Desktop\Antigravity workspaces\Moon-dashboard\e2e\navigation.spec.ts:19:58


[1A[2K[9/9] [chromium] ÔÇ║ e2e\navigation.spec.ts:53:5 ÔÇ║ Dark Mode ÔÇ║ page renders in dark color scheme
[1A[2K  5) [chromium] ÔÇ║ e2e\navigation.spec.ts:39:5 ÔÇ║ Responsive Design ÔÇ║ works on mobile viewport ÔöÇÔöÇÔöÇÔöÇÔöÇÔöÇÔöÇ

    Error: [2mexpect([22m[31mlocator[39m[2m).[22mtoBeVisible[2m([22m[2m)[22m failed

    Locator:  locator('body')
    Expected: visible
    Received: hidden
    Timeout:  5000ms

    Call log:
    [2m  - Expect "toBeVisible" with timeout 5000ms[22m
    [2m  - waiting for locator('body')[22m
    [2m    9 ├ù locator resolved to <body>ÔÇª</body>[22m
    [2m      - unexpected value "hidden"[22m


      40 |         await page.setViewportSize({ width: 375, height: 812 }); // iPhone X
      41 |         await page.goto("/");
    > 42 |         await expect(page.locator("body")).toBeVisible();
         |                                            ^
      43 |     });
      44 |
      45 |     test("works on tablet viewport", async ({ page }) => {
        at C:\Users\rayan\Desktop\Antigravity workspaces\Moon-dashboard\e2e\navigation.spec.ts:42:44


[1A[2K  6) [chromium] ÔÇ║ e2e\navigation.spec.ts:53:5 ÔÇ║ Dark Mode ÔÇ║ page renders in dark color scheme ÔöÇÔöÇÔöÇÔöÇÔöÇÔöÇ

    Error: [2mexpect([22m[31mlocator[39m[2m).[22mtoBeVisible[2m([22m[2m)[22m failed

    Locator:  locator('body')
    Expected: visible
    Received: hidden
    Timeout:  5000ms

    Call log:
    [2m  - Expect "toBeVisible" with timeout 5000ms[22m
    [2m  - waiting for locator('body')[22m
    [2m    9 ├ù locator resolved to <body>ÔÇª</body>[22m
    [2m      - unexpected value "hidden"[22m


      54 |         await page.emulateMedia({ colorScheme: "dark" });
      55 |         await page.goto("/");
    > 56 |         await expect(page.locator("body")).toBeVisible();
         |                                            ^
      57 |     });
      58 | });
      59 |
        at C:\Users\rayan\Desktop\Antigravity workspaces\Moon-dashboard\e2e\navigation.spec.ts:56:44


[1A[2K  7) [chromium] ÔÇ║ e2e\navigation.spec.ts:32:5 ÔÇ║ Navigation & Core Pages ÔÇ║ Moon info page loads ÔöÇÔöÇÔöÇÔöÇÔöÇ

    Error: [2mexpect([22m[31mlocator[39m[2m).[22mtoBeVisible[2m([22m[2m)[22m failed

    Locator: locator('text=/Moon|Phase|Illumination/i').first()
    Expected: visible
    Timeout: 10000ms
    Error: element(s) not found

    Call log:
    [2m  - Expect "toBeVisible" with timeout 10000ms[22m
    [2m  - waiting for locator('text=/Moon|Phase|Illumination/i').first()[22m


      32 |     test("Moon info page loads", async ({ page }) => {
      33 |         await page.goto("/moon");
    > 34 |         await expect(page.locator("text=/Moon|Phase|Illumination/i").first()).toBeVisible({ timeout: 10000 });
         |                                                                               ^
      35 |     });
      36 | });
      37 |
        at C:\Users\rayan\Desktop\Antigravity workspaces\Moon-dashboard\e2e\navigation.spec.ts:34:79


[1A[2K  8) [chromium] ÔÇ║ e2e\navigation.spec.ts:45:5 ÔÇ║ Responsive Design ÔÇ║ works on tablet viewport ÔöÇÔöÇÔöÇÔöÇÔöÇÔöÇÔöÇ

    Error: [2mexpect([22m[31mlocator[39m[2m).[22mtoBeVisible[2m([22m[2m)[22m failed

    Locator: locator('.leaflet-container')
    Expected: visible
    Timeout: 15000ms
    Error: element(s) not found

    Call log:
    [2m  - Expect "toBeVisible" with timeout 15000ms[22m
    [2m  - waiting for locator('.leaflet-container')[22m


      46 |         await page.setViewportSize({ width: 768, height: 1024 }); // iPad
      47 |         await page.goto("/map");
    > 48 |         await expect(page.locator(".leaflet-container")).toBeVisible({ timeout: 15000 });
         |                                                          ^
      49 |     });
      50 | });
      51 |
        at C:\Users\rayan\Desktop\Antigravity workspaces\Moon-dashboard\e2e\navigation.spec.ts:48:58


[1A[2K  8 failed
    [chromium] ÔÇ║ e2e\navigation.spec.ts:9:5 ÔÇ║ Navigation & Core Pages ÔÇ║ Bottom navigation has all main links 
    [chromium] ÔÇ║ e2e\navigation.spec.ts:17:5 ÔÇ║ Navigation & Core Pages ÔÇ║ Map page loads with Leaflet container 
    [chromium] ÔÇ║ e2e\navigation.spec.ts:22:5 ÔÇ║ Navigation & Core Pages ÔÇ║ Calendar page loads ÔöÇÔöÇÔöÇÔöÇÔöÇÔöÇÔöÇ
    [chromium] ÔÇ║ e2e\navigation.spec.ts:27:5 ÔÇ║ Navigation & Core Pages ÔÇ║ Support page loads with pricing 
    [chromium] ÔÇ║ e2e\navigation.spec.ts:32:5 ÔÇ║ Navigation & Core Pages ÔÇ║ Moon info page loads ÔöÇÔöÇÔöÇÔöÇÔöÇÔöÇ
    [chromium] ÔÇ║ e2e\navigation.spec.ts:39:5 ÔÇ║ Responsive Design ÔÇ║ works on mobile viewport ÔöÇÔöÇÔöÇÔöÇÔöÇÔöÇÔöÇÔöÇ
    [chromium] ÔÇ║ e2e\navigation.spec.ts:45:5 ÔÇ║ Responsive Design ÔÇ║ works on tablet viewport ÔöÇÔöÇÔöÇÔöÇÔöÇÔöÇÔöÇÔöÇ
    [chromium] ÔÇ║ e2e\navigation.spec.ts:53:5 ÔÇ║ Dark Mode ÔÇ║ page renders in dark color scheme ÔöÇÔöÇÔöÇÔöÇÔöÇÔöÇÔöÇ
  1 passed (31.9s)

[36m  Serving HTML report at http://localhost:50362. Press Ctrl+C to quit.[39m
